[0;34m================================[0m
[0;34m批量重命名脚本 - 开始执行[0m
[0;34m================================[0m
源目录: /Users/felix/Desktop/光密度/2025年10月29日/kt_merged_split
日志文件: /Users/felix/Downloads/HPath-main/重命名日志_20251029_114535.log
执行模式: DRY_RUN

[0;32m✓ 预览模式 - 不会实际修改文件[0m
[1;33m提示: 使用 --execute 参数执行实际重命名[0m

[0;34m================================[0m
[0;34m处理项目: K2024-0384[0m
[0;34m================================[0m

  项目统计: 发现 0 个文件, 重命名 0 个

[0;34m================================[0m
[0;34m处理项目: K2024-0594[0m
[0;34m================================[0m

  项目统计: 发现 0 个文件, 重命名 0 个

[0;34m================================[0m
[0;34m处理项目: K2024-0699[0m
[0;34m================================[0m

  项目统计: 发现 0 个文件, 重命名 0 个

[0;34m================================[0m
[0;34m处理项目: K2024-0728[0m
[0;34m================================[0m

  项目统计: 发现 0 个文件, 重命名 0 个

[0;34m================================[0m
[0;34m处理项目: K2024-0766[0m
[0;34m================================[0m

  项目统计: 发现 0 个文件, 重命名 0 个

[0;34m================================[0m
[0;34m处理项目: K2024-0850[0m
[0;34m================================[0m

  项目统计: 发现 0 个文件, 重命名 0 个

[0;34m================================[0m
[0;34m处理项目: K2024-0875[0m
[0;34m================================[0m

  项目统计: 发现 0 个文件, 重命名 0 个

[0;34m================================[0m
[0;34m处理项目: K2024-0968[0m
[0;34m================================[0m

  项目统计: 发现 0 个文件, 重命名 0 个

[0;34m================================[0m
[0;34m处理项目: K2024-1036[0m
[0;34m================================[0m

  项目统计: 发现 0 个文件, 重命名 0 个

[0;34m================================[0m
[0;34m处理项目: K2024-1085[0m
[0;34m================================[0m

  项目统计: 发现 0 个文件, 重命名 0 个

[0;34m================================[0m
[0;34m处理项目: K2024-1088[0m
[0;34m================================[0m

  项目统计: 发现 0 个文件, 重命名 0 个

[0;34m================================[0m
[0;34m处理项目: K2024-1098[0m
[0;34m================================[0m

  项目统计: 发现 0 个文件, 重命名 0 个

[0;34m================================[0m
[0;34m处理项目: K2024-1153[0m
[0;34m================================[0m

  项目统计: 发现 0 个文件, 重命名 0 个

[0;34m================================[0m
[0;34m处理项目: K2024-1279[0m
[0;34m================================[0m

  项目统计: 发现 0 个文件, 重命名 0 个

[0;34m================================[0m
[0;34m处理项目: K2024-1295[0m
[0;34m================================[0m

  项目统计: 发现 0 个文件, 重命名 0 个

