[0;34m================================[0m
[0;34m批量重命名脚本 v2.0 - 开始执行[0m
[0;34m================================[0m
源目录: /Users/felix/Desktop/光密度/2025年10月29日/kt_merged_split
日志文件: /Users/felix/Downloads/HPath-main/重命名日志_20251029_114631.log
执行模式: DRY_RUN

[0;32m✓ 预览模式 - 不会实际修改文件[0m
[1;33m提示: 使用 --execute 参数执行实际重命名[0m

[0;34m================================[0m
[0;34m处理项目: K2024-0384[0m
[0;34m================================[0m
  [0;32m✓[0m kt.json
    → K2024-0384_kt.json
  [0;32m✓[0m light.svs
    → K2024-0384_PAS.svs
  [0;32m✓[0m qp1_480_all.svs
    → K2024-0384_UMOD.svs
  [0;32m✓[0m qp1_520_yuan.svs
    → K2024-0384_LRP2.svs
  [0;32m✓[0m qp1_620_jin.svs
    → K2024-0384_AQP1.svs
  [0;32m✓[0m qp1_690_shengzhi.svs
    → K2024-0384_PanCK.svs
  [0;32m✓[0m qp2_480_xueguan.svs
    → K2024-0384_CD31.svs
  [0;32m✓[0m qp2_570_jihe.svs
    → K2024-0384_AQP2.svs
  [0;32m✓[0m qp2_620_shengzhi.svs
    → K2024-0384_SLC8A1.svs
  [0;32m✓[0m qp2_690_jin.svs
    → K2024-0384_PNA.svs

  项目统计: 发现 10 个文件, 重命名 10 个

[0;34m================================[0m
[0;34m处理项目: K2024-0594[0m
[0;34m================================[0m
  [0;32m✓[0m kt.json
    → K2024-0594_kt.json
  [0;32m✓[0m light.svs
    → K2024-0594_PAS.svs
  [0;32m✓[0m qp1_480_all.svs
    → K2024-0594_UMOD.svs
  [0;32m✓[0m qp1_520_yuan.svs
    → K2024-0594_LRP2.svs
  [0;32m✓[0m qp1_620_jin.svs
    → K2024-0594_AQP1.svs
  [0;32m✓[0m qp1_690_shengzhi.svs
    → K2024-0594_PanCK.svs
  [0;32m✓[0m qp2_480_xueguan.svs
    → K2024-0594_CD31.svs
  [0;32m✓[0m qp2_570_jihe.svs
    → K2024-0594_AQP2.svs
  [0;32m✓[0m qp2_620_shengzhi.svs
    → K2024-0594_SLC8A1.svs
  [0;32m✓[0m qp2_690_jin.svs
    → K2024-0594_PNA.svs

  项目统计: 发现 10 个文件, 重命名 10 个

[0;34m================================[0m
[0;34m处理项目: K2024-0699[0m
[0;34m================================[0m
  [0;32m✓[0m kt.json
    → K2024-0699_kt.json
  [0;32m✓[0m light.svs
    → K2024-0699_PAS.svs
  [0;32m✓[0m qp1_480_all.svs
    → K2024-0699_UMOD.svs
  [0;32m✓[0m qp1_520_yuan.svs
    → K2024-0699_LRP2.svs
  [0;32m✓[0m qp1_620_jin.svs
    → K2024-0699_AQP1.svs
  [0;32m✓[0m qp1_690_shengzhi.svs
    → K2024-0699_PanCK.svs
  [0;32m✓[0m qp2_480_xueguan.svs
    → K2024-0699_CD31.svs
  [0;32m✓[0m qp2_570_jihe.svs
    → K2024-0699_AQP2.svs
  [0;32m✓[0m qp2_620_shengzhi.svs
    → K2024-0699_SLC8A1.svs
  [0;32m✓[0m qp2_690_jin.svs
    → K2024-0699_PNA.svs

  项目统计: 发现 10 个文件, 重命名 10 个

[0;34m================================[0m
[0;34m处理项目: K2024-0728[0m
[0;34m================================[0m
  [0;32m✓[0m kt.json
    → K2024-0728_kt.json
  [0;32m✓[0m light.svs
    → K2024-0728_PAS.svs
  [0;32m✓[0m qp1_480_all.svs
    → K2024-0728_UMOD.svs
  [0;32m✓[0m qp1_520_yuan.svs
    → K2024-0728_LRP2.svs
  [0;32m✓[0m qp1_620_jin.svs
    → K2024-0728_AQP1.svs
  [0;32m✓[0m qp1_690_shengzhi.svs
    → K2024-0728_PanCK.svs
  [0;32m✓[0m qp2_480_xueguan.svs
    → K2024-0728_CD31.svs
  [0;32m✓[0m qp2_570_jihe.svs
    → K2024-0728_AQP2.svs
  [0;32m✓[0m qp2_620_shengzhi.svs
    → K2024-0728_SLC8A1.svs
  [0;32m✓[0m qp2_690_jin.svs
    → K2024-0728_PNA.svs

  项目统计: 发现 10 个文件, 重命名 10 个

[0;34m================================[0m
[0;34m处理项目: K2024-0766[0m
[0;34m================================[0m
  [0;32m✓[0m kt.json
    → K2024-0766_kt.json
  [0;32m✓[0m light.svs
    → K2024-0766_PAS.svs
  [0;32m✓[0m qp1_480_all.svs
    → K2024-0766_UMOD.svs
  [0;32m✓[0m qp1_520_yuan.svs
    → K2024-0766_LRP2.svs
  [0;32m✓[0m qp1_620_jin.svs
    → K2024-0766_AQP1.svs
  [0;32m✓[0m qp1_690_shengzhi.svs
    → K2024-0766_PanCK.svs
  [0;32m✓[0m qp2_480_xueguan.svs
    → K2024-0766_CD31.svs
  [0;32m✓[0m qp2_570_jihe.svs
    → K2024-0766_AQP2.svs
  [0;32m✓[0m qp2_620_shengzhi.svs
    → K2024-0766_SLC8A1.svs
  [0;32m✓[0m qp2_690_jin.svs
    → K2024-0766_PNA.svs

  项目统计: 发现 10 个文件, 重命名 10 个

[0;34m================================[0m
[0;34m处理项目: K2024-0850[0m
[0;34m================================[0m
  [0;32m✓[0m kt.json
    → K2024-0850_kt.json
  [0;32m✓[0m light.svs
    → K2024-0850_PAS.svs
  [0;32m✓[0m qp1_480_all.svs
    → K2024-0850_UMOD.svs
  [0;32m✓[0m qp1_520_yuan.svs
    → K2024-0850_LRP2.svs
